// Jest Snapshot v1, https://goo.gl/fbAQLP

exports[`AssignedRolesList should render 1`] = `
<Memo(DndProvider)
  backend={[Function]}
>
  <ListView
    className=""
  >
    <DropTarget(DragSource(Orderable(AnsibleRole)))
      icon="fa fa-minus-circle"
      index={0}
      key="1"
      moveValue={[Function]}
      onClick={[Function]}
      resourceName="host"
      role={
        Object {
          "id": 1,
          "name": "fake.role",
        }
      }
    />
    <DropTarget(DragSource(Orderable(AnsibleRole)))
      icon="fa fa-minus-circle"
      index={1}
      key="2"
      moveValue={[Function]}
      onClick={[Function]}
      resourceName="host"
      role={
        Object {
          "id": 2,
          "name": "test.role",
        }
      }
    />
  </ListView>
  <div>
    <AnsibleRoleInputs
      idx={0}
      key="1"
      resourceName="host"
      role={
        Object {
          "id": 1,
          "name": "fake.role",
        }
      }
    />
    <AnsibleRoleInputs
      idx={1}
      key="2"
      resourceName="host"
      role={
        Object {
          "id": 2,
          "name": "test.role",
        }
      }
    />
  </div>
</Memo(DndProvider)>
`;
