// Jest Snapshot v1, https://goo.gl/fbAQLP

exports[`AvailableRolesList should render 1`] = `
<ListView
  className=""
>
  <div
    className="sticky-pagination"
  >
    <PaginationWrapper
      dropdownButtonId="available-ansible-roles-pagination-row-dropdown"
      itemCount={2}
      onChange={[Function]}
      pagination={
        Object {
          "page": 1,
          "perPage": 25,
        }
      }
      viewType="list"
    />
  </div>
  <LoadingState
    additionalClasses=""
    loading={false}
    loadingText="Loading"
    size="lg"
    timeout={300}
  >
    <AnsibleRole
      assignedRoles={Array []}
      icon="fa fa-plus-circle"
      key="1"
      onClick={[Function]}
      resourceId={14}
      resourceName="Host"
      role={
        Object {
          "id": 1,
          "name": "fake.role",
        }
      }
      variablesUrl="/hosts/14/variables"
    />
    <AnsibleRole
      assignedRoles={Array []}
      icon="fa fa-plus-circle"
      key="2"
      onClick={[Function]}
      resourceId={14}
      resourceName="Host"
      role={
        Object {
          "id": 2,
          "name": "test.role",
        }
      }
      variablesUrl="/hosts/14/variables"
    />
  </LoadingState>
</ListView>
`;
