// Jest Snapshot v1, https://goo.gl/fbAQLP

exports[`AnsibleRolesSwitcher should render 1`] = `
<Grid
  bsClass="container-fluid"
  componentClass="div"
  fluid={false}
  id="ansibleRolesSwitcher"
>
  <Row
    bsClass="row"
    className="row-eq-height"
    componentClass="div"
  >
    <AnsibleRolesSwitcherError
      error={
        Object {
          "errorMsg": "",
          "statusText": "",
        }
      }
    />
    <Col
      bsClass="col"
      className="available-roles-container"
      componentClass="div"
      sm={6}
    >
      <div
        className="available-roles-header"
      >
        <h2>
          Available Ansible Roles
        </h2>
      </div>
      <AvailableRolesList
        assignedRoles={Array []}
        itemCount={20}
        loading={false}
        onAddRole={[Function]}
        onListingChange={[Function]}
        pagination={
          Object {
            "page": 1,
            "perPage": 12,
          }
        }
        resourceId={15}
        resourceName="Host"
        unassignedRoles={Array []}
        variablesUrl="/hosts/14/variables"
      />
    </Col>
    <Col
      bsClass="col"
      className="assigned-roles-container"
      componentClass="div"
      sm={6}
    >
      <div
        className="assigned-roles-header"
      >
        <h2>
          <OrderedRolesTooltip />
          Assigned Ansible Roles
        </h2>
      </div>
      <AssignedRolesList
        assignedRoles={Array []}
        onMoveRole={[Function]}
        onRemoveRole={[Function]}
        resourceName="host"
        toDestroyRoles={Array []}
        unassignedRoles={Array []}
      />
    </Col>
  </Row>
</Grid>
`;
